// Jest Snapshot v1, https://goo.gl/fbAQLP

exports[`Homepage view should render correctly 1`] = `<Connect(Homepage) />`;
