// Jest Snapshot v1, https://goo.gl/fbAQLP

exports[`Rides View should render correctly 1`] = `<Connect(Rides) />`;
