// Jest Snapshot v1, https://goo.gl/fbAQLP

exports[`Signin Page should render correctly 1`] = `<Connect(Signin) />`;
