// Jest Snapshot v1, https://goo.gl/fbAQLP

exports[`Footer component test should render correctly 1`] = `
<footer
  className="footer "
>
  <p>
    Â© 2018. Made by Emmanuel
  </p>
</footer>
`;
