// Jest Snapshot v1, https://goo.gl/fbAQLP

exports[`View ride Component should render correctly 1`] = `<Connect(ViewRide) />`;
